---
title: MySQLæ•°æ®åº“å­—æ®µç±»å‹æ‚è®°
date: 2017-01-04 23:26:28 
categories: MySQL
tags: [MySQL, æ•°æ®åº“]
---

æ–‡æœ¬æ•´ç†MySQLå­—æ®µç±»å‹çš„å¸¸è§é—®é¢˜å’Œç”¨æ³•ã€‚

# æ•°å€¼ç±»å‹

## intå’Œint(3)
æ–°æ‰‹åœ¨å®šä¹‰æ•´æ•°å­—æ®µæ—¶ï¼Œå¸¸å¸¸æƒ³å½“ç„¶é€šè¿‡ï¼Œå¦‚`int(3)`ï¼Œæ¥é™åˆ¶æ•´æ•°çš„æœ‰æ•ˆé•¿åº¦ï¼Œç„¶è€Œè¿™æ ·ä»…ä»…åªæ˜¯æŒ‡å®šäº†æ˜¾ç¤ºå®½åº¦ã€‚é€‰æ‹©æœ‰æ•ˆé•¿åº¦ä¸åŒçš„æ•´æ•°ï¼Œéœ€è¦ä½¿ç”¨`tinyint`ï¼ˆ1ä¸ªå­—èŠ‚ï¼‰ã€`smallint`ï¼ˆ2ä¸ªå­—èŠ‚ï¼‰ã€`mediumint`ï¼ˆ3ä¸ªå­—èŠ‚ï¼‰ã€`int`ï¼ˆ4ä¸ªå­—èŠ‚ï¼‰æˆ–`bigint`ï¼ˆ8ä¸ªå­—èŠ‚ï¼‰ã€‚MySQLçš„ç›¸å…³æ–‡æ¡£å¦‚ä¸‹[[doc](http://dev.mysql.com/doc/refman/5.7/en/numeric-type-attributes.html)]ï¼š

<!--more-->

> MySQL supports an extension for optionally specifying the *display width* of integer data types in parentheses following the base keyword for the type. For example, [INT(4)](http://dev.mysql.com/doc/refman/5.7/en/integer-types.html) specifies an [INT](http://dev.mysql.com/doc/refman/5.7/en/integer-types.html) with a display width of four digits.

> The display width does *not* constrain the range of values that can be stored in the column. Nor does it prevent values wider than the column display width from being displayed correctly. For example, a column specified as [SMALLINT(3)](http://dev.mysql.com/doc/refman/5.7/en/integer-types.html) has the usual [SMALLINT](http://dev.mysql.com/doc/refman/5.7/en/integer-types.html) range of `-32768` to `32767`, and values outside the range permitted by three digits are displayed in full using more than three digits.

> When used in conjunction with the optional (nonstandard) attribute ZEROFILL, the default padding of spaces is replaced with zeros. For example, for a column declared as [INT(4) ZEROFILL](http://dev.mysql.com/doc/refman/5.7/en/integer-types.html), a value of `5` is retrieved as `0005`.

å¦‚ä¸‹ç¤ºä¾‹ï¼Œå­—æ®µ`bar`ç±»å‹æ˜¯`int(3)`ï¼Œä½†ä¾ç„¶èƒ½å¤Ÿæ­£ç¡®ä¿å­˜æ•°å€¼`12345`ï¼š

```sql
mysql> create table test (foo int(3) zerofill, bar int(3) zerofill, baz int);
Query OK, 0 rows affected (0.16 sec)
 
mysql> insert into test values (42, 12345, 12345);
Query OK, 1 row affected (0.00 sec)
 
mysql> select * from test;
+------+-------+-------+
| foo  | bar   | baz   |
+------+-------+-------+
|  042 | 12345 | 12345 |
+------+-------+-------+
1 row in set (0.00 sec)
```

## bitå’Œbool
MySQLåŒæ—¶æ”¯æŒ`bit`å’Œ`bool`ç±»å‹ï¼Œä½†`bool`ä»…ä»…æ˜¯`tinyint(1)`çš„åŒä¹‰è¯ï¼Œåˆ›å»ºçš„å­—æ®µå€¼çš„èŒƒå›´å¹¶ä¸æ˜¯`0`å’Œ`1`æˆ–`true`å’Œ`false`ï¼Œè€Œæ˜¯`-128`åˆ°`127`ã€‚å¦‚ä¸‹æ‰€ç¤ºï¼š

```sql
mysql> create table test (foo bool, bar bit);
Query OK, 0 rows affected (0.10 sec)
 
mysql> desc test;
+---------+------------+--------+-------+-----------+---------+
| Field   | Type       | Null   | Key   |   Default | Extra   |
|---------+------------+--------+-------+-----------+---------|
| foo     | tinyint(1) | YES    |       |    <null> |         |
| bar     | bit(1)     | YES    |       |    <null> |         |
+---------+------------+--------+-------+-----------+---------+
2 rows in set (0.00 sec)
```
 
# å­—ç¬¦ä¸²ç±»å‹
## é•¿åº¦å’Œç¼–ç 

ä»MySQL 4.1å¼€å§‹ï¼ˆ2004å¹´10æœˆï¼‰ï¼Œç”¨**å­—ç¬¦**å•ä½è§£é‡Šåœ¨å­—ç¬¦åˆ—å®šä¹‰ä¸­çš„é•¿åº¦è§„èŒƒã€‚(ä»¥å‰çš„ä¸€äº›MySQLç‰ˆæœ¬ä»¥**å­—èŠ‚**è§£é‡Šé•¿åº¦ï¼‰ã€‚å®˜æ–¹æ–‡æ¡£æè¿°å¦‚ä¸‹[[doc](https://docs.oracle.com/cd/E17952_01/mysql-5.0-en/string-type-overview.html)]
> In MySQL 4.1 and up , string data types include some features that you may not have encountered in working with versions of MySQL prior to 4.1: 

>    MySQL interprets length specifications in character column definitions in character units. (Before MySQL 4.1, column lengths were interpreted in bytes.) This applies to `CHAR`, `VARCHAR`, and the `TEXT` types. 

MySQLæœåŠ¡å™¨é»˜è®¤çš„*å­—ç¬¦é›†*æ˜¯`latin1`ï¼Œä½¿ç”¨çš„*æ ¡å¯¹è§„åˆ™*æ˜¯`latin1_swedish_ci` [[doc](http://dev.mysql.com/doc/refman/5.7/en/charset-server.html)]ï¼ˆ*æ ¡å¯¹è§„åˆ™*æ˜¯åœ¨å­—ç¬¦é›†å†…ç”¨äºæ¯”è¾ƒå­—ç¬¦çš„ä¸€å¥—è§„åˆ™ï¼‰ã€‚è‹¥è¦ä¿å­˜ä¸­æ–‡ï¼Œå…¸å‹çš„åšæ³•æ˜¯ä½¿ç”¨`utf8`ç¼–ç ã€‚ä½†MySQLçš„`utf8`ç¼–ç æœ€å¤šåªèƒ½ä¿å­˜ä½¿ç”¨`utf8`ç¼–ç åé•¿åº¦æ˜¯3ä¸ªå­—èŠ‚çš„å­—ç¬¦ï¼Œå³åªæ”¯æŒ[åŸºæœ¬å¤šæ–‡ç§å¹³é¢](https://zh.wikipedia.org/wiki/Unicode%E5%AD%97%E7%AC%A6%E5%B9%B3%E9%9D%A2%E6%98%A0%E5%B0%84)ã€‚ä½¿ç”¨MySQLçš„utf8ä¿å­˜å¸¸è§çš„å­—ç¬¦åŸºæœ¬ä¸Šæ²¡æœ‰é—®é¢˜ï¼Œä½†å¯¹äºç”Ÿåƒ»å­—æˆ–[emoji](https://en.wikipedia.org/wiki/Emoji)å­—ç¬¦å°±æ— èƒ½ä¸ºåŠ›äº†ã€‚emojiçš„ä¸­çš„`ç¬‘è„¸ï¼ˆgrinning faceï¼‰`çš„Unicodeç¼–ç ï¼Œå¦‚ä¸‹ [[ref1](http://www.iemoji.com/view/emoji/885/smileys-people/grinning-face)][[ref2](https://en.wikibooks.org/wiki/Unicode/Character_reference/1F000-1FFFF)]ï¼š

| è¡¨æƒ… | Unicode | UTF-16 | UTF8 |
| ---  | ---       | ---       | ---   |
| ğŸ˜€   | U+1F604 | 0xD83D 0xDE04 | 0xF0 0x9F 0x98 0x84 |

emojiä½äºè¾…åŠ©å¤šæ–‡ç§å¹³é¢ï¼Œ`utf8`éœ€è¦4ä¸ªå­—èŠ‚ä¿å­˜ã€‚ä¸ºäº†è§£å†³è¿™ä¸ªé—®é¢˜ï¼ŒMySQL 5.5.3å¼€å§‹æ”¯æŒ`utf8mb4`ï¼Œæ”¯æŒè¾…åŠ©å¤šæ–‡ç§å¹³é¢ï¼Œæ¯ä¸ªå­—ç¬¦æœ€å¤§4ä¸ªå­—èŠ‚ [[doc](http://dev.mysql.com/doc/refman/5.5/en/charset-unicode-utf8mb4.html)]ã€‚é™¤äº†`utf8`ï¼ŒMySQLè¿˜æ”¯æŒ`ucs2`ã€`utf16`ã€`utf32`ç­‰ï¼Œå®Œæ•´åˆ—è¡¨å¦‚ä¸‹ [[ref](http://dev.mysql.com/doc/refman/5.5/en/charset-unicode.html)]

| å­—ç¬¦é›†    | æ”¯æŒçš„å­—ç¬¦     | æ¯ä¸ªå­—ç¬¦éœ€è¦çš„å­˜å‚¨ç©ºé—´  |
| ---       | ---           | ---                                    |
| `utf8`      | åŸºæœ¬å¤šæ–‡ç§å¹³é¢ | 1, 2, æˆ– 3 ä¸ªå­—èŠ‚           |
| `ucs2`     | åŸºæœ¬å¤šæ–‡ç§å¹³é¢ | 2å­—èŠ‚                           |
| `utf8mb4` | åŸºæœ¬å¤šæ–‡ç§å¹³é¢å’Œè¾…åŠ©å¤šæ–‡ç§å¹³é¢ | 1, 2, 3,æˆ–4å­—èŠ‚ |
| `utf16`   | åŸºæœ¬å¤šæ–‡ç§å¹³é¢å’Œè¾…åŠ©å¤šæ–‡ç§å¹³é¢ | 2æˆ–4å­—èŠ‚ |
| `utf16le` | åŸºæœ¬å¤šæ–‡ç§å¹³é¢å’Œè¾…åŠ©å¤šæ–‡ç§å¹³é¢ | 2æˆ–4å­—èŠ‚ |
| `utf32`    | åŸºæœ¬å¤šæ–‡ç§å¹³é¢å’Œè¾…åŠ©å¤šæ–‡ç§å¹³é¢ | 4å­—èŠ‚ |

##varcharå’Œtext

MySQLæ”¯æŒå¤šç§å­—ç¬¦ä¸²ç±»å‹ï¼Œ å¦‚ä¸‹è¡¨æ‰€ç¤ºï¼š

| ç±»å‹      | æœ€å¤§å­—èŠ‚é•¿åº¦ | æœ€å¤§`utf8`å­—ç¬¦æ•°           |
| ---       | ---              | ---                                |
| `char(M)` | Mï¼ŒMä¸º0~255ä¹‹é—´çš„æ•´æ•° | 85ä¸ª`utf8`å­—ç¬¦ |
| `varchar(M)` | Mï¼ŒMä¸º0~65,535ä¹‹é—´çš„æ•´æ•° | 21,844ä¸ª`utf8`å­—ç¬¦ |
| `tinytext ` | 255 (2<sup>8</sup>âˆ’1) å­—èŠ‚ | 85ä¸ª`utf8`å­—ç¬¦ |
| `text`       | 65,535 (2<sup>16</sup>âˆ’1) å­—èŠ‚ = 64 KB  | 21,844ä¸ª`utf8`å­—ç¬¦ |
| `mediumtext` | 16,777,215 (2<sup>24</sup>âˆ’1) å­—èŠ‚ = 16 MB | 5,592,405ä¸ª`utf8`å­—ç¬¦ |
| `longtext` | 4,294,967,295 (2<sup>32</sup>âˆ’1) å­—èŠ‚ = 4 GB | 1,431,655,765ä¸ª`utf8`å­—ç¬¦ |

å­—ç¬¦ä¸²ç±»å‹å®é™…æ”¯æŒçš„æœ€å¤§å­—ç¬¦æ•°ä¸ç¼–ç æœ‰å…³ã€‚æ¯”å¦‚ï¼Œ`varchar`ç±»å‹åœ¨`utf8`ç¼–ç ä¸‹æœ€å¤§æ”¯æŒä¿å­˜21,844 (65,535 / 3 = 21,844) ä¸ªå­—ç¬¦ï¼Œè€Œ`utf8mb4`ç¼–ç ä¸‹æœ€å¤§æ”¯æŒä¿å­˜16,383 (65,535 / 4 = 16,383) ä¸ªå­—ç¬¦ã€‚

å¦å¤–ï¼ŒMySQLè¡¨è¡Œæœ€å¤§æ€»é•¿åº¦ä¸º65,535å­—èŠ‚ [[doc](http://dev.mysql.com/doc/refman/5.7/en/column-count-limit.html)]ï¼Œ æ‰€ä»¥`varchar`ç±»å‹å­—æ®µçš„æœ€å¤§å­—ç¬¦æ•°ä¼šè¢«è¡¨ä¸­å…¶ä»–å­—æ®µæ‰€å ç”¨çš„å­˜å‚¨ç©ºé—´æŒ¤æ‰ã€‚`blob`æˆ–`text`ç±»å‹çš„å­—æ®µä¸ä¼šå—è¡¨è¡Œæ€»é•¿åº¦çš„é™åˆ¶ï¼Œå› ä¸ºå­—æ®µå­˜å‚¨çš„å®é™…å†…å®¹å’Œè¡¨è¡Œæ˜¯**åˆ†ç¦»**çš„ï¼Œåªä¼šå ç”¨è¡¨è¡Œçš„9åˆ°12ä¸ªå­—èŠ‚ã€‚

```sql
mysql> create table test ( foo varchar(21845) character set utf8 );
ERROR 1118 (42000): Row size too large. The maximum row size for the used table type, not counting BLOBs, is 65535. This includes storage overhead, check the manual. You have to change some columns to TEXT or BLOBs
mysql> create table test ( foo varchar(21844) character set utf8 );
Query OK, 0 rows affected (0.19 sec)
 
mysql> create table test2 ( foo varchar(16384) character set utf8mb4 );
ERROR 1074 (42000): Column length too big for column 'foo' (max = 16383); use BLOB or TEXT instead
```
 
# æ—¥æœŸå’Œæ—¶é—´ç±»å‹
 MySQLæ”¯æŒçš„æ—¥æœŸå’Œæ—¶é—´ç±»å‹å¦‚ä¸‹è¡¨æ‰€ç¤º [[doc](http://dev.mysql.com/doc/refman/5.7/en/date-and-time-type-overview.html)]ï¼š

| æ—¥æœŸå’Œæ—¶é—´ç±»å‹ | å­—èŠ‚ | æœ€å°å€¼ | æœ€å¤§å€¼ |
| ---                 | ---  | ---     | ---     |
| `date`               | 4     | `1000-01-01` | `9999-12-31` |
| `datetime`        | 8     | `1000-01-01 00:00:00.000000` | `9999-12-31 23:59:59.999999` |
| `timestamp`     | 4      | `1970-01-01 00:00:01.000000` | `2038-01-19 03:14:07.999999` |
| `time`              |    3 | `-838:59:59.000000` | `838:59:59.000000` |
| `year`              | 1   |  `1901` |  `2155`  |

# å‚è€ƒèµ„æ–™

1. MySQL 5.7 Reference Manual, ***12 Data Types*** <http://dev.mysql.com/doc/refman/5.7/en/data-types.html>
2. MySQL 5.7 Reference Manual, ***10.1 Character Set Support*** <http://dev.mysql.com/doc/refman/5.5/en/charset.html>
3. MySQL 5.7 Reference Manual, ***C.10.4 Limits on Table Column Count and Row Size*** <http://dev.mysql.com/doc/refman/5.7/en/column-count-limit.html>
4. Difference between â€œintâ€ and â€œint(3)â€ data types in mysql <http://stackoverflow.com/q/5562322>
5. Which MySQL Datatype to use for storing boolean values? <http://stackoverflow.com/q/289727>
6. MySQL: Large VARCHAR vs. TEXT? <http://stackoverflow.com/q/2023481>
7. TINYTEXT, TEXT, MEDIUMTEXT, and LONGTEXT maximum storage sizes <http://stackoverflow.com/q/13932750>

